// Jest Snapshot v1, https://goo.gl/fbAQLP

exports[`Accordion only opens the last section 1`] = `
<ul
  className="Accordion"
>
  <li
    className="Section"
    key="0"
  >
    <button
      onClick={[Function]}
    >
      Section 1
    </button>
    <p>
      Lorem ipsum dolor sit amet consectetur adipisicing elit.
    </p>
  </li>
  <li
    className="Section"
    key="1"
  >
    <button
      onClick={[Function]}
    >
      Section 2
    </button>
    <p>
      Cupiditate tenetur aliquam necessitatibus id distinctio quas nihil ipsam nisi modi!
    </p>
  </li>
  <li
    className="Section"
    key="2"
  >
    <button
      onClick={[Function]}
    >
      Section 3
    </button>
    <p>
      Animi amet cumque sint cupiditate officia ab voluptatibus libero optio et?
    </p>
  </li>
</ul>
`;

exports[`Accordion opens a clicked section 1`] = `
<ul
  className="Accordion"
>
  <li
    className="Section"
    key="0"
  >
    <button
      onClick={[Function]}
    >
      Section 1
    </button>
    <p>
      Lorem ipsum dolor sit amet consectetur adipisicing elit.
    </p>
  </li>
  <li
    className="Section"
    key="1"
  >
    <button
      onClick={[Function]}
    >
      Section 2
    </button>
    <p>
      Cupiditate tenetur aliquam necessitatibus id distinctio quas nihil ipsam nisi modi!
    </p>
  </li>
  <li
    className="Section"
    key="2"
  >
    <button
      onClick={[Function]}
    >
      Section 3
    </button>
    <p>
      Animi amet cumque sint cupiditate officia ab voluptatibus libero optio et?
    </p>
  </li>
</ul>
`;

exports[`Accordion renders empty when there is no prop 1`] = `
<ul
  className="Accordion"
/>
`;

exports[`Accordion renders no sections 1`] = `
<ul
  className="Accordion"
>
  <li
    className="Section"
    key="0"
  >
    <button
      onClick={[Function]}
    >
      Section 1
    </button>
    <p>
      Lorem ipsum dolor sit amet consectetur adipisicing elit.
    </p>
  </li>
  <li
    className="Section"
    key="1"
  >
    <button
      onClick={[Function]}
    >
      Section 2
    </button>
    <p>
      Cupiditate tenetur aliquam necessitatibus id distinctio quas nihil ipsam nisi modi!
    </p>
  </li>
  <li
    className="Section"
    key="2"
  >
    <button
      onClick={[Function]}
    >
      Section 3
    </button>
    <p>
      Animi amet cumque sint cupiditate officia ab voluptatibus libero optio et?
    </p>
  </li>
</ul>
`;
